{
  "generated_at": "0001-01-01T00:00:00Z",
  "schema_version": 1,
  "settings": {
    "adapter": "codex",
    "debounce_window": 2000000000,
    "flicker_max_duration": 10000000000
  },
  "source_transcript": "/Users/ingo/projects/irrlicht/.claude/worktrees/194/testdata/replay/codex/02-flicker-start-session.jsonl",
  "summary": {
    "consumed_events": 216,
    "cum_input_tokens": 1094023,
    "cum_output_tokens": 7945,
    "first_event_time": "2026-04-08T22:26:35.864Z",
    "flicker_count": 2,
    "flickers_by_category": {
      "working_between_ready": 2
    },
    "flickers_by_reason": {
      "force ready→working on first activity": 2
    },
    "last_event_time": "2026-04-08T22:37:21.862Z",
    "model_name": "gpt-5.4",
    "state_durations": {
      "ready": 474388000000,
      "working": 171610000000
    },
    "total_events": 216,
    "total_transitions": 9,
    "wall_clock_session_duration": 645998000000
  },
  "transitions": [
    {
      "cause": "init",
      "event_index": -1,
      "has_open_tool": false,
      "index": 0,
      "is_agent_done": false,
      "last_event_type": "",
      "needs_user_attention": false,
      "new_state": "ready",
      "prev_state": "",
      "reason": "initial state",
      "virtual_time": "2026-04-08T22:26:35.864Z",
      "waiting_for_user_input": false
    },
    {
      "cause": "debounce_coalesce",
      "event_index": 7,
      "has_open_tool": false,
      "index": 1,
      "is_agent_done": false,
      "last_event_type": "user_message",
      "needs_user_attention": false,
      "new_state": "working",
      "prev_state": "ready",
      "reason": "force ready→working on first activity",
      "virtual_time": "2026-04-08T22:26:36.169Z",
      "waiting_for_user_input": false
    },
    {
      "cause": "debounce_coalesce",
      "event_index": 18,
      "has_open_tool": false,
      "index": 2,
      "is_agent_done": true,
      "last_assistant_text_head": "AGENTS.md\nCLAUDE.md\nLICENSE\nREADME.md\nassets\ncore\nevents.md\nplatforms\nscripts\nsi…",
      "last_event_type": "turn_done",
      "needs_user_attention": false,
      "new_state": "ready",
      "prev_state": "working",
      "reason": "agent finished turn → ready",
      "virtual_time": "2026-04-08T22:26:41.425Z",
      "waiting_for_user_input": false
    },
    {
      "cause": "debounce_coalesce",
      "event_index": 34,
      "has_open_tool": false,
      "index": 3,
      "is_agent_done": true,
      "last_assistant_text_head": "AGENTS.md\nCLAUDE.md\nLICENSE\nREADME.md\nassets\ncore\nevents.md\nplatforms\nscripts\nsi…",
      "last_event_type": "turn_done",
      "needs_user_attention": false,
      "new_state": "working",
      "prev_state": "ready",
      "reason": "force ready→working on first activity",
      "virtual_time": "2026-04-08T22:33:04.339Z",
      "waiting_for_user_input": false
    },
    {
      "cause": "debounce_coalesce",
      "event_index": 34,
      "has_open_tool": false,
      "index": 4,
      "is_agent_done": true,
      "last_assistant_text_head": "AGENTS.md\nCLAUDE.md\nLICENSE\nREADME.md\nassets\ncore\nevents.md\nplatforms\nscripts\nsi…",
      "last_event_type": "turn_done",
      "needs_user_attention": false,
      "new_state": "ready",
      "prev_state": "working",
      "reason": "agent finished turn → ready",
      "virtual_time": "2026-04-08T22:33:04.339Z",
      "waiting_for_user_input": false
    },
    {
      "cause": "debounce_coalesce",
      "event_index": 46,
      "has_open_tool": false,
      "index": 5,
      "is_agent_done": false,
      "last_assistant_text_head": "Refreshing the repository root listing.",
      "last_event_type": "function_call_output",
      "needs_user_attention": false,
      "new_state": "working",
      "prev_state": "ready",
      "reason": "force ready→working on first activity",
      "virtual_time": "2026-04-08T22:34:18.211Z",
      "waiting_for_user_input": false
    },
    {
      "cause": "debounce_coalesce",
      "event_index": 50,
      "has_open_tool": false,
      "index": 6,
      "is_agent_done": true,
      "last_assistant_text_head": "AGENTS.md\nCLAUDE.md\nLICENSE\nREADME.md\nassets\ncore\nevents.md\nplatforms\nscripts\nsi…",
      "last_event_type": "turn_done",
      "needs_user_attention": false,
      "new_state": "ready",
      "prev_state": "working",
      "reason": "agent finished turn → ready",
      "virtual_time": "2026-04-08T22:34:23.038Z",
      "waiting_for_user_input": false
    },
    {
      "cause": "debounce_coalesce",
      "event_index": 55,
      "has_open_tool": false,
      "index": 7,
      "is_agent_done": false,
      "last_event_type": "user_message",
      "needs_user_attention": false,
      "new_state": "working",
      "prev_state": "ready",
      "reason": "force ready→working on first activity",
      "virtual_time": "2026-04-08T22:34:40.335Z",
      "waiting_for_user_input": false
    },
    {
      "cause": "debounce_coalesce",
      "event_index": 215,
      "has_open_tool": false,
      "index": 8,
      "is_agent_done": true,
      "last_assistant_text_head": "…passed.\n- `cd core \u0026\u0026 gosec ./...` also flagged the all-interface bind and pe…",
      "last_event_type": "turn_done",
      "needs_user_attention": false,
      "new_state": "ready",
      "prev_state": "working",
      "reason": "agent finished turn → ready",
      "virtual_time": "2026-04-08T22:37:21.862Z",
      "waiting_for_user_input": false
    }
  ]
}
