{
  "generated_at": "0001-01-01T00:00:00Z",
  "schema_version": 1,
  "settings": {
    "adapter": "pi",
    "debounce_window": 2000000000,
    "flicker_max_duration": 10000000000
  },
  "source_transcript": "/Users/ingo/projects/irrlicht/.claude/worktrees/194/testdata/replay/pi/01-example-session.jsonl",
  "summary": {
    "consumed_events": 614,
    "cum_cache_read_tokens": 28928768,
    "cum_input_tokens": 910869,
    "cum_output_tokens": 82483,
    "first_event_time": "2026-04-06T16:22:10.841Z",
    "flicker_count": 11,
    "flickers_by_category": {
      "ready_between_working": 2,
      "working_between_ready": 9
    },
    "flickers_by_reason": {
      "agent finished turn → ready": 2,
      "force ready→working on first activity": 9
    },
    "last_event_time": "2026-04-06T20:39:45.037Z",
    "model_name": "gpt-5.3-codex",
    "state_durations": {
      "ready": 12431135000000,
      "waiting": 33299000000,
      "working": 2989762000000
    },
    "total_events": 614,
    "total_transitions": 85,
    "wall_clock_session_duration": 15454196000000
  },
  "transitions": [
    {
      "cause": "init",
      "event_index": -1,
      "has_open_tool": false,
      "index": 0,
      "is_agent_done": false,
      "last_event_type": "",
      "needs_user_attention": false,
      "new_state": "ready",
      "prev_state": "",
      "reason": "initial state",
      "virtual_time": "2026-04-06T16:22:10.841Z",
      "waiting_for_user_input": false
    },
    {
      "cause": "debounce_coalesce",
      "event_index": 2,
      "has_open_tool": false,
      "index": 1,
      "is_agent_done": false,
      "last_event_type": "",
      "needs_user_attention": false,
      "new_state": "working",
      "prev_state": "ready",
      "reason": "transcript activity (ready → working)",
      "virtual_time": "2026-04-06T16:22:10.861Z",
      "waiting_for_user_input": false
    },
    {
      "cause": "event",
      "event_index": 16,
      "has_open_tool": false,
      "index": 2,
      "is_agent_done": true,
      "last_assistant_text_head": "Done — `CLAUDE.md` now only contains:\n\n```md\n@AGENTS.md\n```",
      "last_event_type": "turn_done",
      "needs_user_attention": false,
      "new_state": "ready",
      "prev_state": "working",
      "reason": "agent finished turn → ready",
      "virtual_time": "2026-04-06T16:23:18.036Z",
      "waiting_for_user_input": false
    },
    {
      "cause": "debounce_coalesce",
      "event_index": 19,
      "has_open_tool": false,
      "index": 3,
      "is_agent_done": false,
      "last_event_type": "tool_result",
      "needs_user_attention": false,
      "new_state": "working",
      "prev_state": "ready",
      "reason": "force ready→working on first activity",
      "virtual_time": "2026-04-06T16:29:38.259Z",
      "waiting_for_user_input": false
    },
    {
      "cause": "event",
      "event_index": 28,
      "has_open_tool": false,
      "index": 4,
      "is_agent_done": true,
      "last_assistant_text_head": "Done — committed and pushed.\n\n- **Commit:** `b1a70a8`\n- **Message:** `Simplify…",
      "last_event_type": "turn_done",
      "needs_user_attention": false,
      "new_state": "ready",
      "prev_state": "working",
      "reason": "agent finished turn → ready",
      "virtual_time": "2026-04-06T16:29:56.074Z",
      "waiting_for_user_input": false
    },
    {
      "cause": "event",
      "event_index": 29,
      "has_open_tool": false,
      "index": 5,
      "is_agent_done": false,
      "last_event_type": "user_message",
      "needs_user_attention": false,
      "new_state": "working",
      "prev_state": "ready",
      "reason": "force ready→working on first activity",
      "virtual_time": "2026-04-06T16:33:40.633Z",
      "waiting_for_user_input": false
    },
    {
      "cause": "event",
      "event_index": 32,
      "has_open_tool": false,
      "index": 6,
      "is_agent_done": true,
      "last_assistant_text_head": "Merged and synced successfully ✅\n\nWhat I did:\n\n1. Checked out `main`\n2. Pulled…",
      "last_event_type": "turn_done",
      "needs_user_attention": false,
      "new_state": "ready",
      "prev_state": "working",
      "reason": "agent finished turn → ready",
      "virtual_time": "2026-04-06T16:33:50.328Z",
      "waiting_for_user_input": false
    },
    {
      "cause": "event",
      "event_index": 33,
      "has_open_tool": false,
      "index": 7,
      "is_agent_done": false,
      "last_event_type": "user_message",
      "needs_user_attention": false,
      "new_state": "working",
      "prev_state": "ready",
      "reason": "force ready→working on first activity",
      "virtual_time": "2026-04-06T16:35:33.786Z",
      "waiting_for_user_input": false
    },
    {
      "cause": "event",
      "event_index": 52,
      "has_open_tool": false,
      "index": 8,
      "is_agent_done": true,
      "last_assistant_text_head": "Done — I followed the `ir:test-mac` flow and rebuilt/restarted the local mac d…",
      "last_event_type": "turn_done",
      "needs_user_attention": false,
      "new_state": "ready",
      "prev_state": "working",
      "reason": "agent finished turn → ready",
      "virtual_time": "2026-04-06T16:36:19.623Z",
      "waiting_for_user_input": false
    },
    {
      "cause": "event",
      "event_index": 53,
      "has_open_tool": false,
      "index": 9,
      "is_agent_done": true,
      "last_assistant_text_head": "Done — I followed the `ir:test-mac` flow and rebuilt/restarted the local mac d…",
      "last_event_type": "assistant",
      "needs_user_attention": false,
      "new_state": "working",
      "prev_state": "ready",
      "reason": "force ready→working on first activity",
      "virtual_time": "2026-04-06T16:39:06.518Z",
      "waiting_for_user_input": false
    },
    {
      "cause": "event",
      "event_index": 53,
      "has_open_tool": false,
      "index": 10,
      "is_agent_done": true,
      "last_assistant_text_head": "Done — I followed the `ir:test-mac` flow and rebuilt/restarted the local mac d…",
      "last_event_type": "assistant",
      "needs_user_attention": false,
      "new_state": "ready",
      "prev_state": "working",
      "reason": "agent finished turn → ready",
      "virtual_time": "2026-04-06T16:39:06.518Z",
      "waiting_for_user_input": false
    },
    {
      "cause": "event",
      "event_index": 54,
      "has_open_tool": false,
      "index": 11,
      "is_agent_done": false,
      "last_event_type": "user_message",
      "needs_user_attention": false,
      "new_state": "working",
      "prev_state": "ready",
      "reason": "force ready→working on first activity",
      "virtual_time": "2026-04-06T16:40:22.12Z",
      "waiting_for_user_input": false
    },
    {
      "cause": "event",
      "event_index": 78,
      "has_open_tool": false,
      "index": 12,
      "is_agent_done": true,
      "last_assistant_text_head": "Found it. Root cause is in the **Pi parser/state pipeline**, not your session fi…",
      "last_event_type": "turn_done",
      "needs_user_attention": false,
      "new_state": "ready",
      "prev_state": "working",
      "reason": "agent finished turn → ready",
      "virtual_time": "2026-04-06T16:41:24.97Z",
      "waiting_for_user_input": false
    },
    {
      "cause": "event",
      "event_index": 79,
      "has_open_tool": false,
      "index": 13,
      "is_agent_done": false,
      "last_event_type": "user_message",
      "needs_user_attention": false,
      "new_state": "working",
      "prev_state": "ready",
      "reason": "force ready→working on first activity",
      "virtual_time": "2026-04-06T16:44:59.346Z",
      "waiting_for_user_input": false
    },
    {
      "cause": "event",
      "event_index": 106,
      "has_open_tool": false,
      "index": 14,
      "is_agent_done": true,
      "last_assistant_text_head": "Done — I created a branch, implemented the fix with tests, verified it, and op…",
      "last_event_type": "turn_done",
      "needs_user_attention": false,
      "new_state": "ready",
      "prev_state": "working",
      "reason": "agent finished turn → ready",
      "virtual_time": "2026-04-06T16:47:17.258Z",
      "waiting_for_user_input": false
    },
    {
      "cause": "event",
      "event_index": 107,
      "has_open_tool": false,
      "index": 15,
      "is_agent_done": false,
      "last_event_type": "user_message",
      "needs_user_attention": false,
      "new_state": "working",
      "prev_state": "ready",
      "reason": "force ready→working on first activity",
      "virtual_time": "2026-04-06T16:49:27.525Z",
      "waiting_for_user_input": false
    },
    {
      "cause": "event",
      "event_index": 127,
      "has_open_tool": false,
      "index": 16,
      "is_agent_done": true,
      "last_assistant_text_head": "I checked that exact Pi session transcript and the detector logic.  \nThe main is…",
      "last_event_type": "turn_done",
      "needs_user_attention": false,
      "new_state": "ready",
      "prev_state": "working",
      "reason": "agent finished turn → ready",
      "virtual_time": "2026-04-06T16:51:26.966Z",
      "waiting_for_user_input": false
    },
    {
      "cause": "event",
      "event_index": 128,
      "has_open_tool": false,
      "index": 17,
      "is_agent_done": true,
      "last_assistant_text_head": "I checked that exact Pi session transcript and the detector logic.  \nThe main is…",
      "last_event_type": "turn_done",
      "needs_user_attention": false,
      "new_state": "working",
      "prev_state": "ready",
      "reason": "force ready→working on first activity",
      "virtual_time": "2026-04-06T16:58:16.747Z",
      "waiting_for_user_input": false
    },
    {
      "cause": "event",
      "event_index": 128,
      "has_open_tool": false,
      "index": 18,
      "is_agent_done": true,
      "last_assistant_text_head": "I checked that exact Pi session transcript and the detector logic.  \nThe main is…",
      "last_event_type": "turn_done",
      "needs_user_attention": false,
      "new_state": "ready",
      "prev_state": "working",
      "reason": "agent finished turn → ready",
      "virtual_time": "2026-04-06T16:58:16.747Z",
      "waiting_for_user_input": false
    },
    {
      "cause": "event",
      "event_index": 129,
      "has_open_tool": false,
      "index": 19,
      "is_agent_done": true,
      "last_assistant_text_head": "I checked that exact Pi session transcript and the detector logic.  \nThe main is…",
      "last_event_type": "turn_done",
      "needs_user_attention": false,
      "new_state": "working",
      "prev_state": "ready",
      "reason": "force ready→working on first activity",
      "virtual_time": "2026-04-06T16:58:19.183Z",
      "waiting_for_user_input": false
    },
    {
      "cause": "event",
      "event_index": 129,
      "has_open_tool": false,
      "index": 20,
      "is_agent_done": true,
      "last_assistant_text_head": "I checked that exact Pi session transcript and the detector logic.  \nThe main is…",
      "last_event_type": "turn_done",
      "needs_user_attention": false,
      "new_state": "ready",
      "prev_state": "working",
      "reason": "agent finished turn → ready",
      "virtual_time": "2026-04-06T16:58:19.183Z",
      "waiting_for_user_input": false
    },
    {
      "cause": "event",
      "event_index": 130,
      "has_open_tool": false,
      "index": 21,
      "is_agent_done": false,
      "last_event_type": "user_message",
      "needs_user_attention": false,
      "new_state": "working",
      "prev_state": "ready",
      "reason": "force ready→working on first activity",
      "virtual_time": "2026-04-06T16:58:57.976Z",
      "waiting_for_user_input": false
    },
    {
      "cause": "event",
      "event_index": 151,
      "has_open_tool": false,
      "index": 22,
      "is_agent_done": true,
      "last_assistant_text_head": "Yes — your instinct is right.\n\n## Verdict\n**Adapter-specific waiting logic is …",
      "last_event_type": "turn_done",
      "needs_user_attention": false,
      "new_state": "ready",
      "prev_state": "working",
      "reason": "agent finished turn → ready",
      "virtual_time": "2026-04-06T17:00:37.736Z",
      "waiting_for_user_input": false
    },
    {
      "cause": "event",
      "event_index": 152,
      "has_open_tool": false,
      "index": 23,
      "is_agent_done": false,
      "last_event_type": "user_message",
      "needs_user_attention": false,
      "new_state": "working",
      "prev_state": "ready",
      "reason": "force ready→working on first activity",
      "virtual_time": "2026-04-06T17:08:02.289Z",
      "waiting_for_user_input": false
    },
    {
      "cause": "event",
      "event_index": 229,
      "has_open_tool": false,
      "index": 24,
      "is_agent_done": true,
      "last_assistant_text_head": "Implemented ✅ — adapter-specific waiting logic is now in place.\n\n### What I …",
      "last_event_type": "turn_done",
      "needs_user_attention": false,
      "new_state": "ready",
      "prev_state": "working",
      "reason": "agent finished turn → ready",
      "virtual_time": "2026-04-06T17:14:19.468Z",
      "waiting_for_user_input": false
    },
    {
      "cause": "event",
      "event_index": 230,
      "has_open_tool": false,
      "index": 25,
      "is_agent_done": false,
      "last_event_type": "user_message",
      "needs_user_attention": false,
      "new_state": "working",
      "prev_state": "ready",
      "reason": "force ready→working on first activity",
      "virtual_time": "2026-04-06T17:17:28.519Z",
      "waiting_for_user_input": false
    },
    {
      "cause": "event",
      "event_index": 235,
      "has_open_tool": false,
      "index": 26,
      "is_agent_done": true,
      "last_assistant_text_head": "Done — I merged the latest `main` into your branch and pushed it.\n\n- Branch: `…",
      "last_event_type": "turn_done",
      "needs_user_attention": false,
      "new_state": "ready",
      "prev_state": "working",
      "reason": "agent finished turn → ready",
      "virtual_time": "2026-04-06T17:17:46.555Z",
      "waiting_for_user_input": false
    },
    {
      "cause": "event",
      "event_index": 236,
      "has_open_tool": false,
      "index": 27,
      "is_agent_done": false,
      "last_event_type": "user_message",
      "needs_user_attention": false,
      "new_state": "working",
      "prev_state": "ready",
      "reason": "force ready→working on first activity",
      "virtual_time": "2026-04-06T17:17:50.419Z",
      "waiting_for_user_input": false
    },
    {
      "cause": "event",
      "event_index": 253,
      "has_open_tool": false,
      "index": 28,
      "is_agent_done": true,
      "last_assistant_text_head": "Done — local dev stack rebuilt and restarted.\n\n### Executed\n- Built daemon: `c…",
      "last_event_type": "turn_done",
      "needs_user_attention": false,
      "new_state": "ready",
      "prev_state": "working",
      "reason": "agent finished turn → ready",
      "virtual_time": "2026-04-06T17:19:07.399Z",
      "waiting_for_user_input": false
    },
    {
      "cause": "event",
      "event_index": 254,
      "has_open_tool": false,
      "index": 29,
      "is_agent_done": false,
      "last_event_type": "user_message",
      "needs_user_attention": false,
      "new_state": "working",
      "prev_state": "ready",
      "reason": "force ready→working on first activity",
      "virtual_time": "2026-04-06T17:19:20.329Z",
      "waiting_for_user_input": false
    },
    {
      "cause": "event",
      "event_index": 257,
      "has_open_tool": false,
      "index": 30,
      "is_agent_done": true,
      "last_assistant_text_head": "AGENTS.md  \nassets  \nCLAUDE.md  \ncore  \nevents.md  \nLICENSE  \nplatforms  \nREADME…",
      "last_event_type": "turn_done",
      "needs_user_attention": false,
      "new_state": "ready",
      "prev_state": "working",
      "reason": "agent finished turn → ready",
      "virtual_time": "2026-04-06T17:19:29.973Z",
      "waiting_for_user_input": false
    },
    {
      "cause": "event",
      "event_index": 258,
      "has_open_tool": false,
      "index": 31,
      "is_agent_done": false,
      "last_event_type": "user_message",
      "needs_user_attention": false,
      "new_state": "working",
      "prev_state": "ready",
      "reason": "force ready→working on first activity",
      "virtual_time": "2026-04-06T17:21:24.106Z",
      "waiting_for_user_input": false
    },
    {
      "cause": "event",
      "event_index": 284,
      "has_open_tool": false,
      "index": 32,
      "is_agent_done": true,
      "last_event_type": "assistant",
      "needs_user_attention": false,
      "new_state": "ready",
      "prev_state": "working",
      "reason": "agent finished turn → ready",
      "virtual_time": "2026-04-06T17:23:35.087Z",
      "waiting_for_user_input": false
    },
    {
      "cause": "event",
      "event_index": 285,
      "has_open_tool": false,
      "index": 33,
      "is_agent_done": false,
      "last_event_type": "user_message",
      "needs_user_attention": false,
      "new_state": "working",
      "prev_state": "ready",
      "reason": "force ready→working on first activity",
      "virtual_time": "2026-04-06T17:25:50.729Z",
      "waiting_for_user_input": false
    },
    {
      "cause": "event",
      "event_index": 318,
      "has_open_tool": false,
      "index": 34,
      "is_agent_done": true,
      "last_assistant_text_head": "Found the root cause in that session’s latest task.\n\n### What’s wrong\n\nIn tr…",
      "last_event_type": "turn_done",
      "needs_user_attention": false,
      "new_state": "ready",
      "prev_state": "working",
      "reason": "agent finished turn → ready",
      "virtual_time": "2026-04-06T17:31:48.617Z",
      "waiting_for_user_input": false
    },
    {
      "cause": "event",
      "event_index": 319,
      "has_open_tool": false,
      "index": 35,
      "is_agent_done": false,
      "last_event_type": "user_message",
      "needs_user_attention": false,
      "new_state": "working",
      "prev_state": "ready",
      "reason": "force ready→working on first activity",
      "virtual_time": "2026-04-06T17:34:20.32Z",
      "waiting_for_user_input": false
    },
    {
      "cause": "event",
      "event_index": 342,
      "has_open_tool": false,
      "index": 36,
      "is_agent_done": true,
      "last_event_type": "assistant",
      "needs_user_attention": false,
      "new_state": "ready",
      "prev_state": "working",
      "reason": "agent finished turn → ready",
      "virtual_time": "2026-04-06T17:39:05.899Z",
      "waiting_for_user_input": false
    },
    {
      "cause": "event",
      "event_index": 343,
      "has_open_tool": false,
      "index": 37,
      "is_agent_done": false,
      "last_event_type": "user_message",
      "needs_user_attention": false,
      "new_state": "working",
      "prev_state": "ready",
      "reason": "force ready→working on first activity",
      "virtual_time": "2026-04-06T17:39:25.897Z",
      "waiting_for_user_input": false
    },
    {
      "cause": "event",
      "event_index": 362,
      "has_open_tool": false,
      "index": 38,
      "is_agent_done": true,
      "last_assistant_text_head": "Continued and applied the fix.\n\nI found this could not be fixed purely in `pi/pa…",
      "last_event_type": "turn_done",
      "needs_user_attention": false,
      "new_state": "ready",
      "prev_state": "working",
      "reason": "agent finished turn → ready",
      "virtual_time": "2026-04-06T17:41:11.397Z",
      "waiting_for_user_input": false
    },
    {
      "cause": "event",
      "event_index": 363,
      "has_open_tool": false,
      "index": 39,
      "is_agent_done": false,
      "last_event_type": "user_message",
      "needs_user_attention": false,
      "new_state": "working",
      "prev_state": "ready",
      "reason": "force ready→working on first activity",
      "virtual_time": "2026-04-06T17:43:25.095Z",
      "waiting_for_user_input": false
    },
    {
      "cause": "event",
      "event_index": 380,
      "has_open_tool": false,
      "index": 40,
      "is_agent_done": true,
      "last_assistant_text_head": "Rebuilt and redeployed both ✅\n\n- Daemon rebuilt to: `/tmp/irrlichd`\n- Swift ap…",
      "last_event_type": "turn_done",
      "needs_user_attention": false,
      "new_state": "ready",
      "prev_state": "working",
      "reason": "agent finished turn → ready",
      "virtual_time": "2026-04-06T17:44:34.532Z",
      "waiting_for_user_input": false
    },
    {
      "cause": "event",
      "event_index": 381,
      "has_open_tool": false,
      "index": 41,
      "is_agent_done": false,
      "last_event_type": "user_message",
      "needs_user_attention": false,
      "new_state": "working",
      "prev_state": "ready",
      "reason": "force ready→working on first activity",
      "virtual_time": "2026-04-06T17:44:53.945Z",
      "waiting_for_user_input": false
    },
    {
      "cause": "event",
      "event_index": 382,
      "has_open_tool": false,
      "index": 42,
      "is_agent_done": true,
      "last_assistant_text_head": "AGENTS.md  \nassets  \nCLAUDE.md  \ncore  \nevents.md  \nLICENSE  \nplatforms  \nREADME…",
      "last_event_type": "turn_done",
      "needs_user_attention": false,
      "new_state": "ready",
      "prev_state": "working",
      "reason": "agent finished turn → ready",
      "virtual_time": "2026-04-06T17:45:01.838Z",
      "waiting_for_user_input": false
    },
    {
      "cause": "event",
      "event_index": 383,
      "has_open_tool": false,
      "index": 43,
      "is_agent_done": false,
      "last_event_type": "user_message",
      "needs_user_attention": false,
      "new_state": "working",
      "prev_state": "ready",
      "reason": "force ready→working on first activity",
      "virtual_time": "2026-04-06T17:46:17.389Z",
      "waiting_for_user_input": false
    },
    {
      "cause": "event",
      "event_index": 396,
      "has_open_tool": false,
      "index": 44,
      "is_agent_done": true,
      "last_assistant_text_head": "Done — I triggered **two very long JSONL tool results in a row** in this same …",
      "last_event_type": "turn_done",
      "needs_user_attention": false,
      "new_state": "ready",
      "prev_state": "working",
      "reason": "agent finished turn → ready",
      "virtual_time": "2026-04-06T17:48:12.568Z",
      "waiting_for_user_input": false
    },
    {
      "cause": "event",
      "event_index": 397,
      "has_open_tool": false,
      "index": 45,
      "is_agent_done": true,
      "last_assistant_text_head": "Done — I triggered **two very long JSONL tool results in a row** in this same …",
      "last_event_type": "assistant",
      "needs_user_attention": false,
      "new_state": "working",
      "prev_state": "ready",
      "reason": "force ready→working on first activity",
      "virtual_time": "2026-04-06T17:48:59.028Z",
      "waiting_for_user_input": false
    },
    {
      "cause": "event",
      "event_index": 397,
      "has_open_tool": false,
      "index": 46,
      "is_agent_done": true,
      "last_assistant_text_head": "Done — I triggered **two very long JSONL tool results in a row** in this same …",
      "last_event_type": "assistant",
      "needs_user_attention": false,
      "new_state": "ready",
      "prev_state": "working",
      "reason": "agent finished turn → ready",
      "virtual_time": "2026-04-06T17:48:59.028Z",
      "waiting_for_user_input": false
    },
    {
      "cause": "event",
      "event_index": 398,
      "has_open_tool": false,
      "index": 47,
      "is_agent_done": false,
      "last_event_type": "user_message",
      "needs_user_attention": false,
      "new_state": "working",
      "prev_state": "ready",
      "reason": "force ready→working on first activity",
      "virtual_time": "2026-04-06T17:53:50.919Z",
      "waiting_for_user_input": false
    },
    {
      "cause": "event",
      "event_index": 415,
      "has_open_tool": false,
      "index": 48,
      "is_agent_done": true,
      "last_event_type": "assistant",
      "needs_user_attention": false,
      "new_state": "ready",
      "prev_state": "working",
      "reason": "agent finished turn → ready",
      "virtual_time": "2026-04-06T17:54:37.872Z",
      "waiting_for_user_input": false
    },
    {
      "cause": "event",
      "event_index": 416,
      "has_open_tool": false,
      "index": 49,
      "is_agent_done": false,
      "last_event_type": "user_message",
      "needs_user_attention": false,
      "new_state": "working",
      "prev_state": "ready",
      "reason": "force ready→working on first activity",
      "virtual_time": "2026-04-06T18:07:07.164Z",
      "waiting_for_user_input": false
    },
    {
      "cause": "event",
      "event_index": 446,
      "has_open_tool": false,
      "index": 50,
      "is_agent_done": true,
      "last_assistant_text_head": "Great catch — you’re exactly right.\n\n### Where the data points came from\n\nFo…",
      "last_event_type": "turn_done",
      "needs_user_attention": false,
      "new_state": "ready",
      "prev_state": "working",
      "reason": "agent finished turn → ready",
      "virtual_time": "2026-04-06T18:08:53.405Z",
      "waiting_for_user_input": false
    },
    {
      "cause": "event",
      "event_index": 447,
      "has_open_tool": false,
      "index": 51,
      "is_agent_done": false,
      "last_event_type": "user_message",
      "needs_user_attention": false,
      "new_state": "working",
      "prev_state": "ready",
      "reason": "force ready→working on first activity",
      "virtual_time": "2026-04-06T18:10:55.412Z",
      "waiting_for_user_input": false
    },
    {
      "cause": "event",
      "event_index": 458,
      "has_open_tool": false,
      "index": 52,
      "is_agent_done": true,
      "last_assistant_text_head": "Good fix is:\n\n### 1) Add the missing model mapping (root cause)\n`core/pkg/capaci…",
      "last_event_type": "turn_done",
      "needs_user_attention": false,
      "new_state": "ready",
      "prev_state": "working",
      "reason": "agent finished turn → ready",
      "virtual_time": "2026-04-06T18:12:00.61Z",
      "waiting_for_user_input": false
    },
    {
      "cause": "event",
      "event_index": 459,
      "has_open_tool": false,
      "index": 53,
      "is_agent_done": false,
      "last_event_type": "user_message",
      "needs_user_attention": false,
      "new_state": "working",
      "prev_state": "ready",
      "reason": "force ready→working on first activity",
      "virtual_time": "2026-04-06T18:16:54.205Z",
      "waiting_for_user_input": false
    },
    {
      "cause": "event",
      "event_index": 474,
      "has_open_tool": false,
      "index": 54,
      "is_agent_done": true,
      "last_assistant_text_head": "Updated ✅ — I applied the fix for the Codex 5.3 context window miscalculatio…",
      "last_event_type": "turn_done",
      "needs_user_attention": false,
      "new_state": "ready",
      "prev_state": "working",
      "reason": "agent finished turn → ready",
      "virtual_time": "2026-04-06T18:18:38.309Z",
      "waiting_for_user_input": false
    },
    {
      "cause": "event",
      "event_index": 475,
      "has_open_tool": false,
      "index": 55,
      "is_agent_done": false,
      "last_event_type": "user_message",
      "needs_user_attention": false,
      "new_state": "working",
      "prev_state": "ready",
      "reason": "force ready→working on first activity",
      "virtual_time": "2026-04-06T18:21:43.471Z",
      "waiting_for_user_input": false
    },
    {
      "cause": "event",
      "event_index": 482,
      "has_open_tool": false,
      "index": 56,
      "is_agent_done": true,
      "last_assistant_text_head": "Done — committed and pushed to the PR branch.\n\n### Pushed\n- **Branch:** `fix/p…",
      "last_event_type": "turn_done",
      "needs_user_attention": false,
      "new_state": "ready",
      "prev_state": "working",
      "reason": "agent finished turn → ready",
      "virtual_time": "2026-04-06T18:22:10.183Z",
      "waiting_for_user_input": false
    },
    {
      "cause": "event",
      "event_index": 483,
      "has_open_tool": false,
      "index": 57,
      "is_agent_done": false,
      "last_event_type": "user_message",
      "needs_user_attention": false,
      "new_state": "working",
      "prev_state": "ready",
      "reason": "force ready→working on first activity",
      "virtual_time": "2026-04-06T18:23:08.531Z",
      "waiting_for_user_input": false
    },
    {
      "cause": "event",
      "event_index": 498,
      "has_open_tool": false,
      "index": 58,
      "is_agent_done": true,
      "last_assistant_text_head": "Merged and pushed to `main` ✅\n\n- Merged branch: `fix/pi-compaction-working-sta…",
      "last_event_type": "turn_done",
      "needs_user_attention": false,
      "new_state": "ready",
      "prev_state": "working",
      "reason": "agent finished turn → ready",
      "virtual_time": "2026-04-06T18:23:52.913Z",
      "waiting_for_user_input": false
    },
    {
      "cause": "event",
      "event_index": 499,
      "has_open_tool": false,
      "index": 59,
      "is_agent_done": false,
      "last_event_type": "user_message",
      "needs_user_attention": false,
      "new_state": "working",
      "prev_state": "ready",
      "reason": "force ready→working on first activity",
      "virtual_time": "2026-04-06T18:35:07.391Z",
      "waiting_for_user_input": false
    },
    {
      "cause": "event",
      "event_index": 502,
      "has_open_tool": false,
      "index": 60,
      "is_agent_done": true,
      "last_assistant_text_head": "AGENTS.md  \nassets  \nCLAUDE.md  \ncore  \nevents.md  \nLICENSE  \nplatforms  \nREADME…",
      "last_event_type": "turn_done",
      "needs_user_attention": false,
      "new_state": "ready",
      "prev_state": "working",
      "reason": "agent finished turn → ready",
      "virtual_time": "2026-04-06T18:35:14.945Z",
      "waiting_for_user_input": false
    },
    {
      "cause": "event",
      "event_index": 503,
      "has_open_tool": false,
      "index": 61,
      "is_agent_done": false,
      "last_event_type": "user_message",
      "needs_user_attention": false,
      "new_state": "working",
      "prev_state": "ready",
      "reason": "force ready→working on first activity",
      "virtual_time": "2026-04-06T19:02:16.573Z",
      "waiting_for_user_input": false
    },
    {
      "cause": "event",
      "event_index": 517,
      "has_open_tool": false,
      "index": 62,
      "is_agent_done": true,
      "last_assistant_text_head": "Easy way: add it as a **skill**.\n\nI checked the skills index and found web-searc…",
      "last_event_type": "turn_done",
      "needs_user_attention": false,
      "new_state": "ready",
      "prev_state": "working",
      "reason": "agent finished turn → ready",
      "virtual_time": "2026-04-06T19:03:24.203Z",
      "waiting_for_user_input": false
    },
    {
      "cause": "event",
      "event_index": 518,
      "has_open_tool": false,
      "index": 63,
      "is_agent_done": false,
      "last_event_type": "user_message",
      "needs_user_attention": false,
      "new_state": "working",
      "prev_state": "ready",
      "reason": "force ready→working on first activity",
      "virtual_time": "2026-04-06T19:10:55.571Z",
      "waiting_for_user_input": false
    },
    {
      "cause": "event",
      "event_index": 521,
      "has_open_tool": false,
      "index": 64,
      "is_agent_done": true,
      "last_assistant_text_head": "AGENTS.md  \nassets  \nCLAUDE.md  \ncore  \nevents.md  \nLICENSE  \nplatforms  \nREADME…",
      "last_event_type": "turn_done",
      "needs_user_attention": false,
      "new_state": "ready",
      "prev_state": "working",
      "reason": "agent finished turn → ready",
      "virtual_time": "2026-04-06T19:11:03.855Z",
      "waiting_for_user_input": false
    },
    {
      "cause": "event",
      "event_index": 522,
      "has_open_tool": false,
      "index": 65,
      "is_agent_done": false,
      "last_event_type": "user_message",
      "needs_user_attention": false,
      "new_state": "working",
      "prev_state": "ready",
      "reason": "force ready→working on first activity",
      "virtual_time": "2026-04-06T19:43:04.708Z",
      "waiting_for_user_input": false
    },
    {
      "cause": "event",
      "event_index": 525,
      "has_open_tool": false,
      "index": 66,
      "is_agent_done": true,
      "last_assistant_text_head": "AGENTS.md  \nassets  \nCLAUDE.md  \ncore  \nevents.md  \nLICENSE  \nplatforms  \nREADME…",
      "last_event_type": "turn_done",
      "needs_user_attention": false,
      "new_state": "ready",
      "prev_state": "working",
      "reason": "agent finished turn → ready",
      "virtual_time": "2026-04-06T19:43:15.017Z",
      "waiting_for_user_input": false
    },
    {
      "cause": "event",
      "event_index": 526,
      "has_open_tool": false,
      "index": 67,
      "is_agent_done": false,
      "last_event_type": "user_message",
      "needs_user_attention": false,
      "new_state": "working",
      "prev_state": "ready",
      "reason": "force ready→working on first activity",
      "virtual_time": "2026-04-06T19:47:40.188Z",
      "waiting_for_user_input": false
    },
    {
      "cause": "event",
      "event_index": 529,
      "has_open_tool": false,
      "index": 68,
      "is_agent_done": true,
      "last_assistant_text_head": "AGENTS.md  \nassets  \nCLAUDE.md  \ncore  \nevents.md  \nLICENSE  \nplatforms  \nREADME…",
      "last_event_type": "turn_done",
      "needs_user_attention": false,
      "new_state": "ready",
      "prev_state": "working",
      "reason": "agent finished turn → ready",
      "virtual_time": "2026-04-06T19:47:48.714Z",
      "waiting_for_user_input": false
    },
    {
      "cause": "event",
      "event_index": 530,
      "has_open_tool": false,
      "index": 69,
      "is_agent_done": false,
      "last_event_type": "user_message",
      "needs_user_attention": false,
      "new_state": "working",
      "prev_state": "ready",
      "reason": "force ready→working on first activity",
      "virtual_time": "2026-04-06T19:52:27.094Z",
      "waiting_for_user_input": false
    },
    {
      "cause": "event",
      "event_index": 531,
      "has_open_tool": false,
      "index": 70,
      "is_agent_done": true,
      "last_assistant_text_head": "Hey! 👋",
      "last_event_type": "turn_done",
      "needs_user_attention": false,
      "new_state": "ready",
      "prev_state": "working",
      "reason": "agent finished turn → ready",
      "virtual_time": "2026-04-06T19:52:29.848Z",
      "waiting_for_user_input": false
    },
    {
      "cause": "event",
      "event_index": 532,
      "has_open_tool": false,
      "index": 71,
      "is_agent_done": false,
      "last_event_type": "user_message",
      "needs_user_attention": false,
      "new_state": "working",
      "prev_state": "ready",
      "reason": "force ready→working on first activity",
      "virtual_time": "2026-04-06T20:02:00.096Z",
      "waiting_for_user_input": false
    },
    {
      "cause": "event",
      "event_index": 533,
      "has_open_tool": false,
      "index": 72,
      "is_agent_done": true,
      "last_assistant_text_head": "Yep — what do you want to do with **pi**?\n\nI can help with setup, config, skil…",
      "last_event_type": "turn_done",
      "needs_user_attention": false,
      "new_state": "ready",
      "prev_state": "working",
      "reason": "agent finished turn → ready",
      "virtual_time": "2026-04-06T20:02:07.141Z",
      "waiting_for_user_input": false
    },
    {
      "cause": "event",
      "event_index": 534,
      "has_open_tool": false,
      "index": 73,
      "is_agent_done": false,
      "last_event_type": "user_message",
      "needs_user_attention": false,
      "new_state": "working",
      "prev_state": "ready",
      "reason": "force ready→working on first activity",
      "virtual_time": "2026-04-06T20:12:26.732Z",
      "waiting_for_user_input": false
    },
    {
      "cause": "event",
      "event_index": 535,
      "has_open_tool": false,
      "index": 74,
      "is_agent_done": true,
      "last_assistant_text_head": "Sure — what question do you want me to ask, and to whom?",
      "last_event_type": "turn_done",
      "needs_user_attention": false,
      "new_state": "waiting",
      "prev_state": "working",
      "reason": "turn ended with question → waiting",
      "virtual_time": "2026-04-06T20:12:33.298Z",
      "waiting_for_user_input": true
    },
    {
      "cause": "event",
      "event_index": 536,
      "has_open_tool": false,
      "index": 75,
      "is_agent_done": false,
      "last_event_type": "user_message",
      "needs_user_attention": false,
      "new_state": "working",
      "prev_state": "waiting",
      "reason": "transcript activity (waiting → working)",
      "virtual_time": "2026-04-06T20:13:06.597Z",
      "waiting_for_user_input": false
    },
    {
      "cause": "event",
      "event_index": 537,
      "has_open_tool": false,
      "index": 76,
      "is_agent_done": true,
      "last_assistant_text_head": "Why do programmers prefer dark mode?  \nBecause light attracts bugs. 🐛",
      "last_event_type": "turn_done",
      "needs_user_attention": false,
      "new_state": "ready",
      "prev_state": "working",
      "reason": "agent finished turn → ready",
      "virtual_time": "2026-04-06T20:13:12.359Z",
      "waiting_for_user_input": false
    },
    {
      "cause": "event",
      "event_index": 538,
      "has_open_tool": false,
      "index": 77,
      "is_agent_done": false,
      "last_event_type": "user_message",
      "needs_user_attention": false,
      "new_state": "working",
      "prev_state": "ready",
      "reason": "force ready→working on first activity",
      "virtual_time": "2026-04-06T20:19:23.321Z",
      "waiting_for_user_input": false
    },
    {
      "cause": "event",
      "event_index": 541,
      "has_open_tool": false,
      "index": 78,
      "is_agent_done": true,
      "last_assistant_text_head": "AGENTS.md  \nassets  \nCLAUDE.md  \ncore  \nevents.md  \nLICENSE  \nplatforms  \nREADME…",
      "last_event_type": "turn_done",
      "needs_user_attention": false,
      "new_state": "ready",
      "prev_state": "working",
      "reason": "agent finished turn → ready",
      "virtual_time": "2026-04-06T20:19:30.272Z",
      "waiting_for_user_input": false
    },
    {
      "cause": "event",
      "event_index": 542,
      "has_open_tool": false,
      "index": 79,
      "is_agent_done": false,
      "last_event_type": "user_message",
      "needs_user_attention": false,
      "new_state": "working",
      "prev_state": "ready",
      "reason": "force ready→working on first activity",
      "virtual_time": "2026-04-06T20:32:50.428Z",
      "waiting_for_user_input": false
    },
    {
      "cause": "event",
      "event_index": 599,
      "has_open_tool": false,
      "index": 80,
      "is_agent_done": true,
      "last_assistant_text_head": "Created both issues in `bd`:\n\n1. **irrlicht-ahy** — *Update README images*  \n2…",
      "last_event_type": "turn_done",
      "needs_user_attention": false,
      "new_state": "ready",
      "prev_state": "working",
      "reason": "agent finished turn → ready",
      "virtual_time": "2026-04-06T20:37:58.289Z",
      "waiting_for_user_input": false
    },
    {
      "cause": "event",
      "event_index": 600,
      "has_open_tool": false,
      "index": 81,
      "is_agent_done": false,
      "last_event_type": "user_message",
      "needs_user_attention": false,
      "new_state": "working",
      "prev_state": "ready",
      "reason": "force ready→working on first activity",
      "virtual_time": "2026-04-06T20:38:40.126Z",
      "waiting_for_user_input": false
    },
    {
      "cause": "debounce_coalesce",
      "event_index": 609,
      "has_open_tool": false,
      "index": 82,
      "is_agent_done": true,
      "last_event_type": "assistant",
      "needs_user_attention": false,
      "new_state": "ready",
      "prev_state": "working",
      "reason": "agent finished turn → ready",
      "virtual_time": "2026-04-06T20:39:06.189Z",
      "waiting_for_user_input": false
    },
    {
      "cause": "event",
      "event_index": 610,
      "has_open_tool": false,
      "index": 83,
      "is_agent_done": false,
      "last_event_type": "user_message",
      "needs_user_attention": false,
      "new_state": "working",
      "prev_state": "ready",
      "reason": "force ready→working on first activity",
      "virtual_time": "2026-04-06T20:39:28.951Z",
      "waiting_for_user_input": false
    },
    {
      "cause": "event",
      "event_index": 613,
      "has_open_tool": false,
      "index": 84,
      "is_agent_done": true,
      "last_event_type": "assistant",
      "needs_user_attention": false,
      "new_state": "ready",
      "prev_state": "working",
      "reason": "agent finished turn → ready",
      "virtual_time": "2026-04-06T20:39:45.037Z",
      "waiting_for_user_input": false
    }
  ]
}
